** Drc report for /home/user/esp32-hdmi-quad-splitter/hardware/quad_hdmi_tx/quad_hdmi_tx.kicad_pcb **
** Created on 2026-09-30 22:36:16 **

** Found 147 DRC violations **
[lib_footprint_issues]: The current configuration does not include the library ''.
    Local override; Severity: warning
    @(110.0000 mm, 26.8000 mm): Footprint C56
[lib_footprint_issues]: The current configuration does not include the library ''.
    Local override; Severity: warning
    @(3.2000 mm, 28.5000 mm): Footprint C105
[lib_footprint_issues]: The current configuration does not include the library ''.
    Local override; Severity: warning
    @(31.2800 mm, 14.8000 mm): Footprint C217
[lib_footprint_issues]: The current configuration does not include the library ''.
    Local override; Severity: warning
    @(97.3200 mm, 20.3950 mm): Footprint C418
[lib_footprint_issues]: The current configuration does not include the library ''.
    Local override; Severity: warning
    @(82.0800 mm, 14.8000 mm): Footprint C417
[lib_footprint_issues]: The current configuration does not include the library ''.
    Local override; Severity: warning
    @(18.5800 mm, 14.6000 mm): Footprint C120
[lib_footprint_issues]: The current configuration does not include the library ''.
    Local override; Severity: warning
    @(71.9200 mm, 20.3950 mm): Footprint C318
[lib_footprint_issues]: The current configuration does not include the library ''.
    Local override; Severity: warning
    @(49.0600 mm, 28.6900 mm): Footprint C209
[lib_footprint_issues]: The current configuration does not include the library ''.
    Local override; Severity: warning
    @(79.4000 mm, 24.8000 mm): Footprint C404
[lib_footprint_issues]: The current configuration does not include the library ''.
    Local override; Severity: warning
    @(105.5000 mm, 31.0000 mm): Footprint J6
[lib_footprint_issues]: The current configuration does not include the library ''.
    Local override; Severity: warning
    @(105.5000 mm, 27.3000 mm): Footprint R7
[lib_footprint_issues]: The current configuration does not include the library ''.
    Local override; Severity: warning
    @(89.7000 mm, 7.0200 mm): Footprint J4
[lib_footprint_issues]: The current configuration does not include the library ''.
    Local override; Severity: warning
    @(23.6600 mm, 36.0900 mm): Footprint C111
[lib_footprint_issues]: The current configuration does not include the library ''.
    Local override; Severity: warning
    @(104.5000 mm, 8.0000 mm): Footprint R6
[lib_footprint_issues]: The current configuration does not include the library ''.
    Local override; Severity: warning
    @(77.0000 mm, 33.8750 mm): Footprint C315
[lib_footprint_issues]: The current configuration does not include the library ''.
    Local override; Severity: warning
    @(104.5000 mm, 6.0000 mm): Footprint R5
[lib_footprint_issues]: The current configuration does not include the library ''.
    Local override; Severity: warning
    @(21.1200 mm, 24.8000 mm): Footprint R11
[lib_footprint_issues]: The current configuration does not include the library ''.
    Local override; Severity: warning
    @(74.4600 mm, 36.0900 mm): Footprint C311
[lib_footprint_issues]: The current configuration does not include the library ''.
    Local override; Severity: warning
    @(94.7800 mm, 14.6000 mm): Footprint C420
[lib_footprint_issues]: The current configuration does not include the library ''.
    Local override; Severity: warning
    @(77.0000 mm, 20.0000 mm): Footprint C303
[lib_footprint_issues]: The current configuration does not include the library ''.
    Local override; Severity: warning
    @(51.6000 mm, 33.8750 mm): Footprint C215
[lib_footprint_issues]: The current configuration does not include the library ''.
    Local override; Severity: warning
    @(5.8800 mm, 14.8000 mm): Footprint C117
[lib_footprint_issues]: The current configuration does not include the library ''.
    Local override; Severity: warning
    @(79.4000 mm, 32.2000 mm): Footprint C406
[lib_footprint_issues]: The current configuration does not include the library ''.
    Local override; Severity: warning
    @(21.1200 mm, 16.2000 mm): Footprint C119
[lib_footprint_issues]: The current configuration does not include the library ''.
    Local override; Severity: warning
    @(54.0000 mm, 32.2000 mm): Footprint C306
[lib_footprint_issues]: The current configuration does not include the library ''.
    Local override; Severity: warning
    @(110.0000 mm, 24.3000 mm): Footprint C55
[lib_footprint_issues]: The current configuration does not include the library ''.
    Local override; Severity: warning
    @(79.4000 mm, 28.5000 mm): Footprint C405
[lib_footprint_issues]: The current configuration does not include the library ''.
    Local override; Severity: warning
    @(64.3000 mm, 30.4000 mm): Footprint U31
[lib_footprint_issues]: The current configuration does not include the library ''.
    Local override; Severity: warning
    @(49.0600 mm, 24.4950 mm): Footprint FB21
[lib_footprint_issues]: The current configuration does not include the library ''.
    Local override; Severity: warning
    @(46.5200 mm, 24.8000 mm): Footprint R21
[lib_footprint_issues]: The current configuration does not include the library ''.
    Local override; Severity: warning
    @(38.9000 mm, 7.0200 mm): Footprint J2
[lib_footprint_issues]: The current configuration does not include the library ''.
    Local override; Severity: warning
    @(105.5000 mm, 22.3000 mm): Footprint C52
[lib_footprint_issues]: The current configuration does not include the library ''.
    Local override; Severity: warning
    @(3.2000 mm, 24.8000 mm): Footprint C104
[lib_footprint_issues]: The current configuration does not include the library ''.
    Local override; Severity: warning
    @(26.2000 mm, 3.0000 mm): Footprint H1
[lib_footprint_issues]: The current configuration does not include the library ''.
    Local override; Severity: warning
    @(26.2000 mm, 20.0000 mm): Footprint C103
[lib_footprint_issues]: The current configuration does not include the library ''.
    Local override; Severity: warning
    @(23.6600 mm, 28.6900 mm): Footprint C109
[lib_footprint_issues]: The current configuration does not include the library ''.
    Local override; Severity: warning
    @(23.6600 mm, 24.4950 mm): Footprint FB11
[lib_footprint_issues]: The current configuration does not include the library ''.
    Local override; Severity: warning
    @(28.6000 mm, 16.0000 mm): Footprint R23
[lib_footprint_issues]: The current configuration does not include the library ''.
    Local override; Severity: warning
    @(38.9000 mm, 30.4000 mm): Footprint U21
[lib_footprint_issues]: The current configuration does not include the library ''.
    Local override; Severity: warning
    @(77.0000 mm, 3.0000 mm): Footprint H4
[lib_footprint_issues]: The current configuration does not include the library ''.
    Local override; Severity: warning
    @(77.0000 mm, 24.4950 mm): Footprint FB32
[lib_footprint_issues]: The current configuration does not include the library ''.
    Local override; Severity: warning
    @(3.2000 mm, 16.0000 mm): Footprint R13
[lib_footprint_issues]: The current configuration does not include the library ''.
    Local override; Severity: warning
    @(38.9000 mm, 18.0000 mm): Footprint U22
[lib_footprint_issues]: The current configuration does not include the library ''.
    Local override; Severity: warning
    @(69.3800 mm, 14.6000 mm): Footprint C320
[lib_footprint_issues]: The current configuration does not include the library ''.
    Local override; Severity: warning
    @(54.0000 mm, 16.0000 mm): Footprint R33
[lib_footprint_issues]: The current configuration does not include the library ''.
    Local override; Severity: warning
    @(105.5000 mm, 15.6000 mm): Footprint C54
[lib_footprint_issues]: The current configuration does not include the library ''.
    Local override; Severity: warning
    @(23.6600 mm, 32.3900 mm): Footprint C110
[lib_footprint_issues]: The current configuration does not include the library ''.
    Local override; Severity: warning
    @(102.4000 mm, 20.0000 mm): Footprint C403
[lib_footprint_issues]: The current configuration does not include the library ''.
    Local override; Severity: warning
    @(105.5000 mm, 18.5000 mm): Footprint U5
[lib_footprint_issues]: The current configuration does not include the library ''.
    Local override; Severity: warning
    @(79.4000 mm, 16.0000 mm): Footprint R43
[lib_footprint_issues]: The current configuration does not include the library ''.
    Local override; Severity: warning
    @(102.4000 mm, 24.4950 mm): Footprint FB42
[lib_footprint_issues]: The current configuration does not include the library ''.
    Local override; Severity: warning
    @(43.9800 mm, 14.6000 mm): Footprint C220
[lib_footprint_issues]: The current configuration does not include the library ''.
    Local override; Severity: warning
    @(54.0000 mm, 24.8000 mm): Footprint C304
[lib_footprint_issues]: The current configuration does not include the library ''.
    Local override; Severity: warning
    @(71.9200 mm, 24.8000 mm): Footprint R31
[lib_footprint_issues]: The current configuration does not include the library ''.
    Local override; Severity: warning
    @(49.0600 mm, 32.3900 mm): Footprint C210
[lib_footprint_issues]: The current configuration does not include the library ''.
    Local override; Severity: warning
    @(51.6000 mm, 3.0000 mm): Footprint H2
[lib_footprint_issues]: The current configuration does not include the library ''.
    Local override; Severity: warning
    @(74.4600 mm, 32.3900 mm): Footprint C310
[lib_footprint_issues]: The current configuration does not include the library ''.
    Local override; Severity: warning
    @(13.5000 mm, 18.0000 mm): Footprint U12
[lib_footprint_issues]: The current configuration does not include the library ''.
    Local override; Severity: warning
    @(13.5000 mm, 7.0200 mm): Footprint J1
[lib_footprint_issues]: The current configuration does not include the library ''.
    Local override; Severity: warning
    @(99.8600 mm, 24.4950 mm): Footprint FB41
[lib_footprint_issues]: The current configuration does not include the library ''.
    Local override; Severity: warning
    @(51.6000 mm, 29.1850 mm): Footprint C212
[lib_footprint_issues]: The current configuration does not include the library ''.
    Local override; Severity: warning
    @(89.7000 mm, 30.4000 mm): Footprint U41
[lib_footprint_issues]: The current configuration does not include the library ''.
    Local override; Severity: warning
    @(71.9200 mm, 16.2000 mm): Footprint C319
[lib_footprint_issues]: The current configuration does not include the library ''.
    Local override; Severity: warning
    @(74.4600 mm, 28.6900 mm): Footprint C309
[lib_footprint_issues]: The current configuration does not include the library ''.
    Local override; Severity: warning
    @(46.5200 mm, 20.3950 mm): Footprint C218
[lib_footprint_issues]: The current configuration does not include the library ''.
    Local override; Severity: warning
    @(46.5200 mm, 27.7000 mm): Footprint C213
[lib_footprint_issues]: The current configuration does not include the library ''.
    Local override; Severity: warning
    @(112.0000 mm, 35.0000 mm): Footprint H3
[lib_footprint_issues]: The current configuration does not include the library ''.
    Local override; Severity: warning
    @(13.5000 mm, 30.4000 mm): Footprint U11
[lib_footprint_issues]: The current configuration does not include the library ''.
    Local override; Severity: warning
    @(28.6000 mm, 28.5000 mm): Footprint C205
[lib_footprint_issues]: The current configuration does not include the library ''.
    Local override; Severity: warning
    @(99.8600 mm, 28.6900 mm): Footprint C409
[lib_footprint_issues]: The current configuration does not include the library ''.
    Local override; Severity: warning
    @(46.5200 mm, 16.2000 mm): Footprint C219
[lib_footprint_issues]: The current configuration does not include the library ''.
    Local override; Severity: warning
    @(105.5000 mm, 24.8000 mm): Footprint C53
[lib_footprint_issues]: The current configuration does not include the library ''.
    Local override; Severity: warning
    @(97.3200 mm, 16.2000 mm): Footprint C419
[lib_footprint_issues]: The current configuration does not include the library ''.
    Local override; Severity: warning
    @(104.5000 mm, 2.5000 mm): Footprint R8
[lib_footprint_issues]: The current configuration does not include the library ''.
    Local override; Severity: warning
    @(77.0000 mm, 29.1850 mm): Footprint C312
[lib_footprint_issues]: The current configuration does not include the library ''.
    Local override; Severity: warning
    @(97.3200 mm, 24.8000 mm): Footprint R41
[lib_footprint_issues]: The current configuration does not include the library ''.
    Local override; Severity: warning
    @(99.8600 mm, 32.3900 mm): Footprint C410
[lib_footprint_issues]: The current configuration does not include the library ''.
    Local override; Severity: warning
    @(64.3000 mm, 18.0000 mm): Footprint U32
[lib_footprint_issues]: The current configuration does not include the library ''.
    Local override; Severity: warning
    @(26.2000 mm, 33.8750 mm): Footprint C115
[lib_footprint_issues]: The current configuration does not include the library ''.
    Local override; Severity: warning
    @(26.2000 mm, 29.1850 mm): Footprint C112
[lib_footprint_issues]: The current configuration does not include the library ''.
    Local override; Severity: warning
    @(21.1200 mm, 20.3950 mm): Footprint C118
[lib_footprint_issues]: The current configuration does not include the library ''.
    Local override; Severity: warning
    @(110.0000 mm, 19.5000 mm): Footprint L1
[lib_footprint_issues]: The current configuration does not include the library ''.
    Local override; Severity: warning
    @(107.8000 mm, 16.0000 mm): Footprint C51
[lib_footprint_issues]: The current configuration does not include the library ''.
    Local override; Severity: warning
    @(102.4000 mm, 33.8750 mm): Footprint C415
[lib_footprint_issues]: The current configuration does not include the library ''.
    Local override; Severity: warning
    @(102.4000 mm, 29.1850 mm): Footprint C412
[lib_footprint_issues]: The current configuration does not include the library ''.
    Local override; Severity: warning
    @(99.8600 mm, 36.0900 mm): Footprint C411
[lib_footprint_issues]: The current configuration does not include the library ''.
    Local override; Severity: warning
    @(71.9200 mm, 27.7000 mm): Footprint C313
[lib_footprint_issues]: The current configuration does not include the library ''.
    Local override; Severity: warning
    @(54.0000 mm, 28.5000 mm): Footprint C305
[lib_footprint_issues]: The current configuration does not include the library ''.
    Local override; Severity: warning
    @(49.0600 mm, 36.0900 mm): Footprint C211
[lib_footprint_issues]: The current configuration does not include the library ''.
    Local override; Severity: warning
    @(3.2000 mm, 32.2000 mm): Footprint C106
[lib_footprint_issues]: The current configuration does not include the library ''.
    Local override; Severity: warning
    @(28.6000 mm, 24.8000 mm): Footprint C204
[lib_footprint_issues]: The current configuration does not include the library ''.
    Local override; Severity: warning
    @(97.3200 mm, 27.7000 mm): Footprint C413
[lib_footprint_issues]: The current configuration does not include the library ''.
    Local override; Severity: warning
    @(56.6800 mm, 14.8000 mm): Footprint C317
[lib_footprint_issues]: The current configuration does not include the library ''.
    Local override; Severity: warning
    @(26.2000 mm, 24.4950 mm): Footprint FB12
[lib_footprint_issues]: The current configuration does not include the library ''.
    Local override; Severity: warning
    @(74.4600 mm, 24.4950 mm): Footprint FB31
[lib_footprint_issues]: The current configuration does not include the library ''.
    Local override; Severity: warning
    @(89.7000 mm, 18.0000 mm): Footprint U42
[lib_footprint_issues]: The current configuration does not include the library ''.
    Local override; Severity: warning
    @(51.6000 mm, 20.0000 mm): Footprint C203
[lib_footprint_issues]: The current configuration does not include the library ''.
    Local override; Severity: warning
    @(111.3300 mm, 10.0000 mm): Footprint J5
[lib_footprint_issues]: The current configuration does not include the library ''.
    Local override; Severity: warning
    @(21.1200 mm, 27.7000 mm): Footprint C113
[lib_footprint_issues]: The current configuration does not include the library ''.
    Local override; Severity: warning
    @(104.5000 mm, 12.0000 mm): Footprint F1
[lib_footprint_issues]: The current configuration does not include the library ''.
    Local override; Severity: warning
    @(64.3000 mm, 7.0200 mm): Footprint J3
[lib_footprint_issues]: The current configuration does not include the library ''.
    Local override; Severity: warning
    @(51.6000 mm, 24.4950 mm): Footprint FB22
[lib_footprint_issues]: The current configuration does not include the library ''.
    Local override; Severity: warning
    @(108.0000 mm, 2.5000 mm): Footprint D1
[lib_footprint_issues]: The current configuration does not include the library ''.
    Local override; Severity: warning
    @(28.6000 mm, 32.2000 mm): Footprint C206
[lib_footprint_issues]: The current configuration does not include the library ''.
    Local override; Severity: warning
    @(69.8000 mm, 7.4000 mm): Footprint C307
[lib_footprint_issues]: The current configuration does not include the library ''.
    Local override; Severity: warning
    @(99.8600 mm, 11.9000 mm): Footprint C402
[lib_footprint_issues]: The current configuration does not include the library ''.
    Local override; Severity: warning
    @(51.6000 mm, 11.9000 mm): Footprint C208
[lib_footprint_issues]: The current configuration does not include the library ''.
    Local override; Severity: warning
    @(64.3000 mm, 5.8000 mm): Footprint U33
[lib_footprint_issues]: The current configuration does not include the library ''.
    Local override; Severity: warning
    @(78.8000 mm, 10.4000 mm): Footprint C401
[lib_footprint_issues]: The current configuration does not include the library ''.
    Local override; Severity: warning
    @(9.6900 mm, 24.1000 mm): Footprint R14
[lib_footprint_issues]: The current configuration does not include the library ''.
    Local override; Severity: warning
    @(26.2000 mm, 11.9000 mm): Footprint C108
[lib_footprint_issues]: The current configuration does not include the library ''.
    Local override; Severity: warning
    @(56.6800 mm, 23.6000 mm): Footprint R3
[lib_footprint_issues]: The current configuration does not include the library ''.
    Local override; Severity: warning
    @(38.6500 mm, 24.4000 mm): Footprint C216
[lib_footprint_issues]: The current configuration does not include the library ''.
    Local override; Severity: warning
    @(28.0000 mm, 10.4000 mm): Footprint C201
[lib_footprint_issues]: The current configuration does not include the library ''.
    Local override; Severity: warning
    @(60.4900 mm, 24.1000 mm): Footprint R34
[lib_footprint_issues]: The current configuration does not include the library ''.
    Local override; Severity: warning
    @(89.4500 mm, 24.4000 mm): Footprint C416
[lib_footprint_issues]: The current configuration does not include the library ''.
    Local override; Severity: warning
    @(44.4000 mm, 7.4000 mm): Footprint C207
[lib_footprint_issues]: The current configuration does not include the library ''.
    Local override; Severity: warning
    @(2.6000 mm, 10.4000 mm): Footprint C101
[lib_footprint_issues]: The current configuration does not include the library ''.
    Local override; Severity: warning
    @(40.8000 mm, 27.3000 mm): Footprint R22
[lib_footprint_issues]: The current configuration does not include the library ''.
    Local override; Severity: warning
    @(15.4000 mm, 27.3000 mm): Footprint R12
[lib_footprint_issues]: The current configuration does not include the library ''.
    Local override; Severity: warning
    @(5.8800 mm, 23.6000 mm): Footprint R1
[lib_footprint_issues]: The current configuration does not include the library ''.
    Local override; Severity: warning
    @(109.0000 mm, 30.5000 mm): Footprint JP1
[lib_footprint_issues]: The current configuration does not include the library ''.
    Local override; Severity: warning
    @(53.4000 mm, 10.4000 mm): Footprint C301
[lib_footprint_issues]: The current configuration does not include the library ''.
    Local override; Severity: warning
    @(77.0000 mm, 11.9000 mm): Footprint C308
[lib_footprint_issues]: The current configuration does not include the library ''.
    Local override; Severity: warning
    @(85.8900 mm, 24.1000 mm): Footprint R44
[lib_footprint_issues]: The current configuration does not include the library ''.
    Local override; Severity: warning
    @(49.0600 mm, 11.9000 mm): Footprint C202
[lib_footprint_issues]: The current configuration does not include the library ''.
    Local override; Severity: warning
    @(82.0800 mm, 23.6000 mm): Footprint R4
[lib_footprint_issues]: The current configuration does not include the library ''.
    Local override; Severity: warning
    @(102.4000 mm, 11.9000 mm): Footprint C408
[lib_footprint_issues]: The current configuration does not include the library ''.
    Local override; Severity: warning
    @(66.2000 mm, 27.3000 mm): Footprint R32
[lib_footprint_issues]: The current configuration does not include the library ''.
    Local override; Severity: warning
    @(99.8600 mm, 27.9000 mm): Footprint C414
[lib_footprint_issues]: The current configuration does not include the library ''.
    Local override; Severity: warning
    @(23.6600 mm, 11.9000 mm): Footprint C102
[lib_footprint_issues]: The current configuration does not include the library ''.
    Local override; Severity: warning
    @(23.6600 mm, 27.9000 mm): Footprint C114
[lib_footprint_issues]: The current configuration does not include the library ''.
    Local override; Severity: warning
    @(31.2800 mm, 23.6000 mm): Footprint R2
[lib_footprint_issues]: The current configuration does not include the library ''.
    Local override; Severity: warning
    @(74.4600 mm, 11.9000 mm): Footprint C302
[lib_footprint_issues]: The current configuration does not include the library ''.
    Local override; Severity: warning
    @(51.6000 mm, 33.6000 mm): Footprint J8
[lib_footprint_issues]: The current configuration does not include the library ''.
    Local override; Severity: warning
    @(91.6000 mm, 27.3000 mm): Footprint R42
[lib_footprint_issues]: The current configuration does not include the library ''.
    Local override; Severity: warning
    @(89.7000 mm, 5.8000 mm): Footprint U43
[lib_footprint_issues]: The current configuration does not include the library ''.
    Local override; Severity: warning
    @(51.6000 mm, 18.2000 mm): Footprint J7
[lib_footprint_issues]: The current configuration does not include the library ''.
    Local override; Severity: warning
    @(74.4600 mm, 27.9000 mm): Footprint C314
[lib_footprint_issues]: The current configuration does not include the library ''.
    Local override; Severity: warning
    @(38.9000 mm, 5.8000 mm): Footprint U23
[lib_footprint_issues]: The current configuration does not include the library ''.
    Local override; Severity: warning
    @(95.2000 mm, 7.4000 mm): Footprint C407
[lib_footprint_issues]: The current configuration does not include the library ''.
    Local override; Severity: warning
    @(64.0500 mm, 24.4000 mm): Footprint C316
[lib_footprint_issues]: The current configuration does not include the library ''.
    Local override; Severity: warning
    @(13.2500 mm, 24.4000 mm): Footprint C116
[lib_footprint_issues]: The current configuration does not include the library ''.
    Local override; Severity: warning
    @(13.5000 mm, 5.8000 mm): Footprint U13
[lib_footprint_issues]: The current configuration does not include the library ''.
    Local override; Severity: warning
    @(19.0000 mm, 7.4000 mm): Footprint C107
[lib_footprint_issues]: The current configuration does not include the library ''.
    Local override; Severity: warning
    @(49.0600 mm, 27.9000 mm): Footprint C214
[lib_footprint_issues]: The current configuration does not include the library ''.
    Local override; Severity: warning
    @(35.0900 mm, 24.1000 mm): Footprint R24

** Found 0 unconnected pads **

** Found 0 Footprint errors **

** End of Report **
