** Drc report for /home/user/esp32-hdmi-quad-splitter/hardware/quad_hdmi_tx/quad_hdmi_tx.kicad_pcb **
** Created on 2026-09-14 16:58:19 **

** Found 203 DRC violations **
[starved_thermal]: Thermal relief connection to zone incomplete (zone min spoke count 2; actual 1)
    Local override; Severity: error
    @(-0.0500 mm, -0.0500 mm): Zone [GND] on B.Cu
    @(50.8000 mm, 33.6000 mm): PTH pad 65 [GND] of U21
[starved_thermal]: Thermal relief connection to zone incomplete (zone min spoke count 2; actual 1)
    Local override; Severity: error
    @(-0.0500 mm, -0.0500 mm): Zone [GND] on B.Cu
    @(50.8000 mm, 32.4000 mm): PTH pad 65 [GND] of U21
[starved_thermal]: Thermal relief connection to zone incomplete (zone min spoke count 2; actual 1)
    Local override; Severity: error
    @(-0.0500 mm, -0.0500 mm): Zone [GND] on B.Cu
    @(50.8000 mm, 31.2000 mm): PTH pad 65 [GND] of U21
[starved_thermal]: Thermal relief connection to zone incomplete (zone min spoke count 2; actual 1)
    Local override; Severity: error
    @(-0.0500 mm, -0.0500 mm): Zone [GND] on B.Cu
    @(49.6000 mm, 34.8000 mm): PTH pad 65 [GND] of U21
[starved_thermal]: Thermal relief connection to zone incomplete (zone min spoke count 2; actual 1)
    Local override; Severity: error
    @(-0.0500 mm, -0.0500 mm): Zone [GND] on B.Cu
    @(47.2000 mm, 31.2000 mm): PTH pad 65 [GND] of U21
[starved_thermal]: Thermal relief connection to zone incomplete (zone min spoke count 2; actual 1)
    Local override; Severity: error
    @(-0.0500 mm, -0.0500 mm): Zone [GND] on B.Cu
    @(7.5400 mm, 6.5400 mm): PTH pad 4 [GND] of J7
[starved_thermal]: Thermal relief connection to zone incomplete (zone min spoke count 2; actual 1)
    Local override; Severity: error
    @(-0.0500 mm, -0.0500 mm): Zone [GND] on B.Cu
    @(7.5400 mm, 24.3200 mm): PTH pad 18 [GND] of J7
[starved_thermal]: Thermal relief connection to zone incomplete (zone min spoke count 2; actual 1)
    Local override; Severity: error
    @(-0.0500 mm, -0.0500 mm): Zone [GND] on B.Cu
    @(7.5400 mm, 37.0200 mm): PTH pad 28 [GND] of J7
[starved_thermal]: Thermal relief connection to zone incomplete (zone min spoke count 2; actual 1)
    Local override; Severity: error
    @(-0.0500 mm, -0.0500 mm): Zone [GND] on F.Cu
    @(65.7500 mm, 12.9250 mm): PTH pad SH [GND] of J3
[starved_thermal]: Thermal relief connection to zone incomplete (zone min spoke count 2; actual 1)
    Local override; Severity: error
    @(-0.0500 mm, -0.0500 mm): Zone [GND] on B.Cu
    @(7.5400 mm, 57.3400 mm): PTH pad 44 [GND] of J7
[starved_thermal]: Thermal relief connection to zone incomplete (zone min spoke count 2; actual 1)
    Local override; Severity: error
    @(-0.0500 mm, -0.0500 mm): Zone [GND] on B.Cu
    @(74.8000 mm, 33.6000 mm): PTH pad 65 [GND] of U31
[starved_thermal]: Thermal relief connection to zone incomplete (zone min spoke count 2; actual 1)
    Local override; Severity: error
    @(-0.0500 mm, -0.0500 mm): Zone [GND] on B.Cu
    @(74.8000 mm, 32.4000 mm): PTH pad 65 [GND] of U31
[starved_thermal]: Thermal relief connection to zone incomplete (zone min spoke count 2; actual 1)
    Local override; Severity: error
    @(-0.0500 mm, -0.0500 mm): Zone [GND] on B.Cu
    @(73.6000 mm, 31.2000 mm): PTH pad 65 [GND] of U31
[starved_thermal]: Thermal relief connection to zone incomplete (zone min spoke count 2; actual 1)
    Local override; Severity: error
    @(-0.0500 mm, -0.0500 mm): Zone [GND] on B.Cu
    @(71.2000 mm, 34.8000 mm): PTH pad 65 [GND] of U31
[starved_thermal]: Thermal relief connection to zone incomplete (zone min spoke count 2; actual 1)
    Local override; Severity: error
    @(-0.0500 mm, -0.0500 mm): Zone [GND] on B.Cu
    @(27.2400 mm, 100.0000 mm): PTH pad 13 [GND] of J8
[starved_thermal]: Thermal relief connection to zone incomplete (zone min spoke count 2; actual 1)
    Local override; Severity: error
    @(-0.0500 mm, -0.0500 mm): Zone [GND] on B.Cu
    @(39.9400 mm, 100.0000 mm): PTH pad 23 [GND] of J8
[starved_thermal]: Thermal relief connection to zone incomplete (zone min spoke count 2; actual 1)
    Local override; Severity: error
    @(-0.0500 mm, -0.0500 mm): Zone [GND] on B.Cu
    @(52.6400 mm, 100.0000 mm): PTH pad 33 [GND] of J8
[starved_thermal]: Thermal relief connection to zone incomplete (zone min spoke count 2; actual 1)
    Local override; Severity: error
    @(-0.0500 mm, -0.0500 mm): Zone [GND] on B.Cu
    @(60.2600 mm, 97.4600 mm): PTH pad 40 [GND] of J8
[starved_thermal]: Thermal relief connection to zone incomplete (zone min spoke count 2; actual 1)
    Local override; Severity: error
    @(-0.0500 mm, -0.0500 mm): Zone [GND] on B.Cu
    @(72.9600 mm, 100.0000 mm): PTH pad 49 [GND] of J8
[starved_thermal]: Thermal relief connection to zone incomplete (zone min spoke count 2; actual 1)
    Local override; Severity: error
    @(-0.0500 mm, -0.0500 mm): Zone [GND] on B.Cu
    @(78.0400 mm, 97.4600 mm): PTH pad 54 [GND] of J8
[starved_thermal]: Thermal relief connection to zone incomplete (zone min spoke count 2; actual 1)
    Local override; Severity: error
    @(-0.0500 mm, -0.0500 mm): Zone [GND] on B.Cu
    @(85.6600 mm, 100.0000 mm): PTH pad 59 [GND] of J8
[starved_thermal]: Thermal relief connection to zone incomplete (zone min spoke count 2; actual 1)
    Local override; Severity: error
    @(-0.0500 mm, -0.0500 mm): Zone [GND] on F.Cu
    @(50.8000 mm, 33.6000 mm): PTH pad 65 [GND] of U21
[starved_thermal]: Thermal relief connection to zone incomplete (zone min spoke count 2; actual 1)
    Local override; Severity: error
    @(-0.0500 mm, -0.0500 mm): Zone [GND] on B.Cu
    @(98.3600 mm, 100.0000 mm): PTH pad 69 [GND] of J8
[starved_thermal]: Thermal relief connection to zone incomplete (zone min spoke count 2; actual 1)
    Local override; Severity: error
    @(-0.0500 mm, -0.0500 mm): Zone [GND] on F.Cu
    @(50.8000 mm, 32.4000 mm): PTH pad 65 [GND] of U21
[starved_thermal]: Thermal relief connection to zone incomplete (zone min spoke count 2; actual 1)
    Local override; Severity: error
    @(-0.0500 mm, -0.0500 mm): Zone [GND] on B.Cu
    @(103.4400 mm, 97.4600 mm): PTH pad 74 [GND] of J8
[starved_thermal]: Thermal relief connection to zone incomplete (zone min spoke count 2; actual 1)
    Local override; Severity: error
    @(-0.0500 mm, -0.0500 mm): Zone [GND] on F.Cu
    @(47.2000 mm, 34.8000 mm): PTH pad 65 [GND] of U21
[starved_thermal]: Thermal relief connection to zone incomplete (zone min spoke count 2; actual 1)
    Local override; Severity: error
    @(-0.0500 mm, -0.0500 mm): Zone [GND] on F.Cu
    @(47.2000 mm, 33.6000 mm): PTH pad 65 [GND] of U21
[starved_thermal]: Thermal relief connection to zone incomplete (zone min spoke count 2; actual 1)
    Local override; Severity: error
    @(-0.0500 mm, -0.0500 mm): Zone [GND] on F.Cu
    @(47.2000 mm, 32.4000 mm): PTH pad 65 [GND] of U21
[starved_thermal]: Thermal relief connection to zone incomplete (zone min spoke count 2; actual 1)
    Local override; Severity: error
    @(-0.0500 mm, -0.0500 mm): Zone [GND] on F.Cu
    @(47.2000 mm, 31.2000 mm): PTH pad 65 [GND] of U21
[starved_thermal]: Thermal relief connection to zone incomplete (zone min spoke count 2; actual 1)
    Local override; Severity: error
    @(-0.0500 mm, -0.0500 mm): Zone [GND] on F.Cu
    @(26.8000 mm, 33.6000 mm): PTH pad 65 [GND] of U11
[starved_thermal]: Thermal relief connection to zone incomplete (zone min spoke count 2; actual 1)
    Local override; Severity: error
    @(-0.0500 mm, -0.0500 mm): Zone [GND] on F.Cu
    @(26.8000 mm, 32.4000 mm): PTH pad 65 [GND] of U11
[starved_thermal]: Thermal relief connection to zone incomplete (zone min spoke count 2; actual 1)
    Local override; Severity: error
    @(-0.0500 mm, -0.0500 mm): Zone [GND] on F.Cu
    @(23.2000 mm, 34.8000 mm): PTH pad 65 [GND] of U11
[starved_thermal]: Thermal relief connection to zone incomplete (zone min spoke count 2; actual 1)
    Local override; Severity: error
    @(-0.0500 mm, -0.0500 mm): Zone [GND] on F.Cu
    @(23.2000 mm, 31.2000 mm): PTH pad 65 [GND] of U11
[starved_thermal]: Thermal relief connection to zone incomplete (zone min spoke count 2; actual 1)
    Local override; Severity: error
    @(-0.0500 mm, -0.0500 mm): Zone [GND] on F.Cu
    @(7.5400 mm, 6.5400 mm): PTH pad 4 [GND] of J7
[starved_thermal]: Thermal relief connection to zone incomplete (zone min spoke count 2; actual 1)
    Local override; Severity: error
    @(-0.0500 mm, -0.0500 mm): Zone [GND] on F.Cu
    @(7.5400 mm, 11.6200 mm): PTH pad 8 [GND] of J7
[starved_thermal]: Thermal relief connection to zone incomplete (zone min spoke count 2; actual 1)
    Local override; Severity: error
    @(-0.0500 mm, -0.0500 mm): Zone [GND] on F.Cu
    @(5.0000 mm, 31.9400 mm): PTH pad 23 [GND] of J7
[starved_thermal]: Thermal relief connection to zone incomplete (zone min spoke count 2; actual 1)
    Local override; Severity: error
    @(-0.0500 mm, -0.0500 mm): Zone [GND] on F.Cu
    @(5.0000 mm, 77.6600 mm): PTH pad 59 [GND] of J7
[starved_thermal]: Thermal relief connection to zone incomplete (zone min spoke count 2; actual 1)
    Local override; Severity: error
    @(-0.0500 mm, -0.0500 mm): Zone [GND] on F.Cu
    @(74.8000 mm, 33.6000 mm): PTH pad 65 [GND] of U31
[starved_thermal]: Thermal relief connection to zone incomplete (zone min spoke count 2; actual 1)
    Local override; Severity: error
    @(-0.0500 mm, -0.0500 mm): Zone [GND] on F.Cu
    @(74.8000 mm, 32.4000 mm): PTH pad 65 [GND] of U31
[starved_thermal]: Thermal relief connection to zone incomplete (zone min spoke count 2; actual 1)
    Local override; Severity: error
    @(-0.0500 mm, -0.0500 mm): Zone [GND] on F.Cu
    @(74.8000 mm, 31.2000 mm): PTH pad 65 [GND] of U31
[starved_thermal]: Thermal relief connection to zone incomplete (zone min spoke count 2; actual 1)
    Local override; Severity: error
    @(-0.0500 mm, -0.0500 mm): Zone [GND] on F.Cu
    @(71.2000 mm, 34.8000 mm): PTH pad 65 [GND] of U31
[starved_thermal]: Thermal relief connection to zone incomplete (zone min spoke count 2; actual 1)
    Local override; Severity: error
    @(-0.0500 mm, -0.0500 mm): Zone [GND] on F.Cu
    @(98.8000 mm, 33.6000 mm): PTH pad 65 [GND] of U41
[starved_thermal]: Thermal relief connection to zone incomplete (zone min spoke count 2; actual 1)
    Local override; Severity: error
    @(-0.0500 mm, -0.0500 mm): Zone [GND] on F.Cu
    @(98.8000 mm, 32.4000 mm): PTH pad 65 [GND] of U41
[starved_thermal]: Thermal relief connection to zone incomplete (zone min spoke count 2; actual 1)
    Local override; Severity: error
    @(-0.0500 mm, -0.0500 mm): Zone [GND] on F.Cu
    @(95.2000 mm, 34.8000 mm): PTH pad 65 [GND] of U41
[starved_thermal]: Thermal relief connection to zone incomplete (zone min spoke count 2; actual 1)
    Local override; Severity: error
    @(-0.0500 mm, -0.0500 mm): Zone [GND] on F.Cu
    @(14.5400 mm, 97.4600 mm): PTH pad 4 [GND] of J8
[starved_thermal]: Thermal relief connection to zone incomplete (zone min spoke count 2; actual 1)
    Local override; Severity: error
    @(-0.0500 mm, -0.0500 mm): Zone [GND] on F.Cu
    @(19.6200 mm, 97.4600 mm): PTH pad 8 [GND] of J8
[starved_thermal]: Thermal relief connection to zone incomplete (zone min spoke count 2; actual 1)
    Local override; Severity: error
    @(-0.0500 mm, -0.0500 mm): Zone [GND] on F.Cu
    @(27.2400 mm, 100.0000 mm): PTH pad 13 [GND] of J8
[starved_thermal]: Thermal relief connection to zone incomplete (zone min spoke count 2; actual 1)
    Local override; Severity: error
    @(-0.0500 mm, -0.0500 mm): Zone [GND] on F.Cu
    @(32.3200 mm, 97.4600 mm): PTH pad 18 [GND] of J8
[starved_thermal]: Thermal relief connection to zone incomplete (zone min spoke count 2; actual 1)
    Local override; Severity: error
    @(-0.0500 mm, -0.0500 mm): Zone [GND] on F.Cu
    @(39.9400 mm, 100.0000 mm): PTH pad 23 [GND] of J8
[starved_thermal]: Thermal relief connection to zone incomplete (zone min spoke count 2; actual 1)
    Local override; Severity: error
    @(-0.0500 mm, -0.0500 mm): Zone [GND] on F.Cu
    @(52.6400 mm, 100.0000 mm): PTH pad 33 [GND] of J8
[starved_thermal]: Thermal relief connection to zone incomplete (zone min spoke count 2; actual 1)
    Local override; Severity: error
    @(-0.0500 mm, -0.0500 mm): Zone [GND] on F.Cu
    @(72.9600 mm, 100.0000 mm): PTH pad 49 [GND] of J8
[starved_thermal]: Thermal relief connection to zone incomplete (zone min spoke count 2; actual 1)
    Local override; Severity: error
    @(-0.0500 mm, -0.0500 mm): Zone [GND] on F.Cu
    @(78.0400 mm, 97.4600 mm): PTH pad 54 [GND] of J8
[starved_thermal]: Thermal relief connection to zone incomplete (zone min spoke count 2; actual 1)
    Local override; Severity: error
    @(-0.0500 mm, -0.0500 mm): Zone [GND] on F.Cu
    @(85.6600 mm, 100.0000 mm): PTH pad 59 [GND] of J8
[starved_thermal]: Thermal relief connection to zone incomplete (zone min spoke count 2; actual 1)
    Local override; Severity: error
    @(-0.0500 mm, -0.0500 mm): Zone [GND] on F.Cu
    @(90.7400 mm, 97.4600 mm): PTH pad 64 [GND] of J8
[starved_thermal]: Thermal relief connection to zone incomplete (zone min spoke count 2; actual 1)
    Local override; Severity: error
    @(-0.0500 mm, -0.0500 mm): Zone [GND] on F.Cu
    @(98.3600 mm, 100.0000 mm): PTH pad 69 [GND] of J8
[lib_footprint_issues]: The current configuration does not include the library ''.
    Local override; Severity: warning
    @(55.5000 mm, 24.0000 mm): Footprint C219
[lib_footprint_issues]: The current configuration does not include the library ''.
    Local override; Severity: warning
    @(79.5000 mm, 24.0000 mm): Footprint C319
[lib_footprint_issues]: The current configuration does not include the library ''.
    Local override; Severity: warning
    @(79.5000 mm, 17.5000 mm): Footprint C320
[lib_footprint_issues]: The current configuration does not include the library ''.
    Local override; Severity: warning
    @(34.0000 mm, 36.8000 mm): Footprint C104
[lib_footprint_issues]: The current configuration does not include the library ''.
    Local override; Severity: warning
    @(39.8000 mm, 25.9000 mm): Footprint C218
[lib_footprint_issues]: The current configuration does not include the library ''.
    Local override; Severity: warning
    @(12.0000 mm, 58.0000 mm): Footprint R1
[lib_footprint_issues]: The current configuration does not include the library ''.
    Local override; Severity: warning
    @(59.0000 mm, 49.0000 mm): Footprint C203
[lib_footprint_issues]: The current configuration does not include the library ''.
    Local override; Severity: warning
    @(6.0000 mm, 107.5000 mm): Footprint JP1
[lib_footprint_issues]: The current configuration does not include the library ''.
    Local override; Severity: warning
    @(106.0000 mm, 28.0000 mm): Footprint C409
[lib_footprint_issues]: The current configuration does not include the library ''.
    Local override; Severity: warning
    @(18.5000 mm, 52.5000 mm): Footprint C101
[lib_footprint_issues]: The current configuration does not include the library ''.
    Local override; Severity: warning
    @(42.5000 mm, 52.5000 mm): Footprint C201
[lib_footprint_issues]: The current configuration does not include the library ''.
    Local override; Severity: warning
    @(73.0000 mm, 49.0000 mm): Footprint U33
[lib_footprint_issues]: The current configuration does not include the library ''.
    Local override; Severity: warning
    @(73.0000 mm, 10.4000 mm): Footprint J3
[lib_footprint_issues]: The current configuration does not include the library ''.
    Local override; Severity: warning
    @(82.0000 mm, 26.0000 mm): Footprint C311
[lib_footprint_issues]: The current configuration does not include the library ''.
    Local override; Severity: warning
    @(34.0000 mm, 38.8000 mm): Footprint C107
[lib_footprint_issues]: The current configuration does not include the library ''.
    Local override; Severity: warning
    @(15.8000 mm, 21.5000 mm): Footprint R13
[lib_footprint_issues]: The current configuration does not include the library ''.
    Local override; Severity: warning
    @(36.0000 mm, 27.0000 mm): Footprint FB11
[lib_footprint_issues]: The current configuration does not include the library ''.
    Local override; Severity: warning
    @(87.8000 mm, 28.6000 mm): Footprint C406
[lib_footprint_issues]: The current configuration does not include the library ''.
    Local override; Severity: warning
    @(99.0000 mm, 76.0000 mm): Footprint C52
[lib_footprint_issues]: The current configuration does not include the library ''.
    Local override; Severity: warning
    @(106.0000 mm, 38.8000 mm): Footprint C407
[lib_footprint_issues]: The current configuration does not include the library ''.
    Local override; Severity: warning
    @(34.0000 mm, 44.6000 mm): Footprint C108
[lib_footprint_issues]: The current configuration does not include the library ''.
    Local override; Severity: warning
    @(63.8000 mm, 32.8000 mm): Footprint R34
[lib_footprint_issues]: The current configuration does not include the library ''.
    Local override; Severity: warning
    @(82.0000 mm, 41.4000 mm): Footprint C312
[lib_footprint_issues]: The current configuration does not include the library ''.
    Local override; Severity: warning
    @(36.0000 mm, 30.2000 mm): Footprint FB12
[lib_footprint_issues]: The current configuration does not include the library ''.
    Local override; Severity: warning
    @(87.8000 mm, 23.7000 mm): Footprint C416
[lib_footprint_issues]: The current configuration does not include the library ''.
    Local override; Severity: warning
    @(58.0000 mm, 34.4000 mm): Footprint C215
[lib_footprint_issues]: The current configuration does not include the library ''.
    Local override; Severity: warning
    @(106.0000 mm, 76.0000 mm): Footprint C54
[lib_footprint_issues]: The current configuration does not include the library ''.
    Local override; Severity: warning
    @(39.8000 mm, 21.5000 mm): Footprint R23
[lib_footprint_issues]: The current configuration does not include the library ''.
    Local override; Severity: warning
    @(49.0000 mm, 33.0000 mm): Footprint U21
[lib_footprint_issues]: The current configuration does not include the library ''.
    Local override; Severity: warning
    @(87.8000 mm, 21.5000 mm): Footprint R43
[lib_footprint_issues]: The current configuration does not include the library ''.
    Local override; Severity: warning
    @(55.5000 mm, 17.5000 mm): Footprint C220
[lib_footprint_issues]: The current configuration does not include the library ''.
    Local override; Severity: warning
    @(34.0000 mm, 28.0000 mm): Footprint C109
[lib_footprint_issues]: The current configuration does not include the library ''.
    Local override; Severity: warning
    @(25.0000 mm, 33.0000 mm): Footprint U11
[lib_footprint_issues]: The current configuration does not include the library ''.
    Local override; Severity: warning
    @(39.8000 mm, 28.6000 mm): Footprint C206
[lib_footprint_issues]: The current configuration does not include the library ''.
    Local override; Severity: warning
    @(49.0000 mm, 10.4000 mm): Footprint J2
[lib_footprint_issues]: The current configuration does not include the library ''.
    Local override; Severity: warning
    @(63.8000 mm, 23.7000 mm): Footprint C316
[lib_footprint_issues]: The current configuration does not include the library ''.
    Local override; Severity: warning
    @(103.0000 mm, 73.0000 mm): Footprint R6
[lib_footprint_issues]: The current configuration does not include the library ''.
    Local override; Severity: warning
    @(103.0000 mm, 71.0000 mm): Footprint R5
[lib_footprint_issues]: The current configuration does not include the library ''.
    Local override; Severity: warning
    @(87.8000 mm, 32.8000 mm): Footprint R44
[lib_footprint_issues]: The current configuration does not include the library ''.
    Local override; Severity: warning
    @(82.0000 mm, 28.0000 mm): Footprint C309
[lib_footprint_issues]: The current configuration does not include the library ''.
    Local override; Severity: warning
    @(18.5000 mm, 17.5000 mm): Footprint C117
[lib_footprint_issues]: The current configuration does not include the library ''.
    Local override; Severity: warning
    @(106.0000 mm, 44.6000 mm): Footprint C408
[lib_footprint_issues]: The current configuration does not include the library ''.
    Local override; Severity: warning
    @(31.5000 mm, 24.0000 mm): Footprint C119
[lib_footprint_issues]: The current configuration does not include the library ''.
    Local override; Severity: warning
    @(39.8000 mm, 30.6000 mm): Footprint C210
[lib_footprint_issues]: The current configuration does not include the library ''.
    Local override; Severity: warning
    @(15.8000 mm, 30.6000 mm): Footprint C110
[lib_footprint_issues]: The current configuration does not include the library ''.
    Local override; Severity: warning
    @(58.0000 mm, 26.0000 mm): Footprint C211
[lib_footprint_issues]: The current configuration does not include the library ''.
    Local override; Severity: warning
    @(60.0000 mm, 106.0000 mm): Footprint H4
[lib_footprint_issues]: The current configuration does not include the library ''.
    Local override; Severity: warning
    @(103.5000 mm, 54.5000 mm): Footprint F1
[lib_footprint_issues]: The current configuration does not include the library ''.
    Local override; Severity: warning
    @(15.8000 mm, 32.8000 mm): Footprint R14
[lib_footprint_issues]: The current configuration does not include the library ''.
    Local override; Severity: warning
    @(5.0000 mm, 4.0000 mm): Footprint J7
[lib_footprint_issues]: The current configuration does not include the library ''.
    Local override; Severity: warning
    @(104.0000 mm, 92.0000 mm): Footprint C56
[lib_footprint_issues]: The current configuration does not include the library ''.
    Local override; Severity: warning
    @(36.0000 mm, 35.0000 mm): Footprint R12
[lib_footprint_issues]: The current configuration does not include the library ''.
    Local override; Severity: warning
    @(84.0000 mm, 30.2000 mm): Footprint FB32
[lib_footprint_issues]: The current configuration does not include the library ''.
    Local override; Severity: warning
    @(106.0000 mm, 26.0000 mm): Footprint C411
[lib_footprint_issues]: The current configuration does not include the library ''.
    Local override; Severity: warning
    @(42.5000 mm, 17.5000 mm): Footprint C217
[lib_footprint_issues]: The current configuration does not include the library ''.
    Local override; Severity: warning
    @(97.0000 mm, 82.0000 mm): Footprint R7
[lib_footprint_issues]: The current configuration does not include the library ''.
    Local override; Severity: warning
    @(60.0000 mm, 30.2000 mm): Footprint FB22
[lib_footprint_issues]: The current configuration does not include the library ''.
    Local override; Severity: warning
    @(58.0000 mm, 38.8000 mm): Footprint C207
[lib_footprint_issues]: The current configuration does not include the library ''.
    Local override; Severity: warning
    @(97.0000 mm, 10.4000 mm): Footprint J4
[lib_footprint_issues]: The current configuration does not include the library ''.
    Local override; Severity: warning
    @(15.8000 mm, 25.9000 mm): Footprint C118
[lib_footprint_issues]: The current configuration does not include the library ''.
    Local override; Severity: warning
    @(84.0000 mm, 32.8000 mm): Footprint R31
[lib_footprint_issues]: The current configuration does not include the library ''.
    Local override; Severity: warning
    @(60.0000 mm, 35.0000 mm): Footprint R22
[lib_footprint_issues]: The current configuration does not include the library ''.
    Local override; Severity: warning
    @(84.0000 mm, 27.0000 mm): Footprint FB31
[lib_footprint_issues]: The current configuration does not include the library ''.
    Local override; Severity: warning
    @(25.0000 mm, 20.5000 mm): Footprint U12
[lib_footprint_issues]: The current configuration does not include the library ''.
    Local override; Severity: warning
    @(97.0000 mm, 20.5000 mm): Footprint U42
[lib_footprint_issues]: The current configuration does not include the library ''.
    Local override; Severity: warning
    @(90.5000 mm, 17.5000 mm): Footprint C417
[lib_footprint_issues]: The current configuration does not include the library ''.
    Local override; Severity: warning
    @(63.8000 mm, 30.6000 mm): Footprint C310
[lib_footprint_issues]: The current configuration does not include the library ''.
    Local override; Severity: warning
    @(13.2000 mm, 14.0000 mm): Footprint H1
[lib_footprint_issues]: The current configuration does not include the library ''.
    Local override; Severity: warning
    @(87.8000 mm, 25.9000 mm): Footprint C418
[lib_footprint_issues]: The current configuration does not include the library ''.
    Local override; Severity: warning
    @(66.5000 mm, 17.5000 mm): Footprint C317
[lib_footprint_issues]: The current configuration does not include the library ''.
    Local override; Severity: warning
    @(73.0000 mm, 33.0000 mm): Footprint U31
[lib_footprint_issues]: The current configuration does not include the library ''.
    Local override; Severity: warning
    @(58.0000 mm, 28.0000 mm): Footprint C209
[lib_footprint_issues]: The current configuration does not include the library ''.
    Local override; Severity: warning
    @(58.0000 mm, 41.4000 mm): Footprint C212
[lib_footprint_issues]: The current configuration does not include the library ''.
    Local override; Severity: warning
    @(39.8000 mm, 23.7000 mm): Footprint C216
[lib_footprint_issues]: The current configuration does not include the library ''.
    Local override; Severity: warning
    @(41.5000 mm, 41.0000 mm): Footprint C205
[lib_footprint_issues]: The current configuration does not include the library ''.
    Local override; Severity: warning
    @(107.0000 mm, 86.5000 mm): Footprint L1
[lib_footprint_issues]: The current configuration does not include the library ''.
    Local override; Severity: warning
    @(12.0000 mm, 60.5000 mm): Footprint R2
[lib_footprint_issues]: The current configuration does not include the library ''.
    Local override; Severity: warning
    @(34.0000 mm, 34.4000 mm): Footprint C115
[lib_footprint_issues]: The current configuration does not include the library ''.
    Local override; Severity: warning
    @(108.0000 mm, 32.8000 mm): Footprint R41
[lib_footprint_issues]: The current configuration does not include the library ''.
    Local override; Severity: warning
    @(25.0000 mm, 10.4000 mm): Footprint J1
[lib_footprint_issues]: The current configuration does not include the library ''.
    Local override; Severity: warning
    @(111.0000 mm, 6.0000 mm): Footprint H2
[lib_footprint_issues]: The current configuration does not include the library ''.
    Local override; Severity: warning
    @(63.8000 mm, 21.5000 mm): Footprint R33
[lib_footprint_issues]: The current configuration does not include the library ''.
    Local override; Severity: warning
    @(102.5000 mm, 76.0000 mm): Footprint C53
[lib_footprint_issues]: The current configuration does not include the library ''.
    Local override; Severity: warning
    @(17.5000 mm, 41.0000 mm): Footprint C105
[lib_footprint_issues]: The current configuration does not include the library ''.
    Local override; Severity: warning
    @(89.5000 mm, 41.0000 mm): Footprint C405
[lib_footprint_issues]: The current configuration does not include the library ''.
    Local override; Severity: warning
    @(108.0000 mm, 27.0000 mm): Footprint FB41
[lib_footprint_issues]: The current configuration does not include the library ''.
    Local override; Severity: warning
    @(82.0000 mm, 38.8000 mm): Footprint C307
[lib_footprint_issues]: The current configuration does not include the library ''.
    Local override; Severity: warning
    @(106.0000 mm, 36.8000 mm): Footprint C404
[lib_footprint_issues]: The current configuration does not include the library ''.
    Local override; Severity: warning
    @(90.5000 mm, 52.5000 mm): Footprint C401
[lib_footprint_issues]: The current configuration does not include the library ''.
    Local override; Severity: warning
    @(108.0000 mm, 30.2000 mm): Footprint FB42
[lib_footprint_issues]: The current configuration does not include the library ''.
    Local override; Severity: warning
    @(34.0000 mm, 30.0000 mm): Footprint C113
[lib_footprint_issues]: The current configuration does not include the library ''.
    Local override; Severity: warning
    @(83.0000 mm, 49.0000 mm): Footprint C303
[lib_footprint_issues]: The current configuration does not include the library ''.
    Local override; Severity: warning
    @(111.0000 mm, 106.0000 mm): Footprint H3
[lib_footprint_issues]: The current configuration does not include the library ''.
    Local override; Severity: warning
    @(56.0000 mm, 49.0000 mm): Footprint C202
[lib_footprint_issues]: The current configuration does not include the library ''.
    Local override; Severity: warning
    @(110.5000 mm, 20.0000 mm): Footprint J6
[lib_footprint_issues]: The current configuration does not include the library ''.
    Local override; Severity: warning
    @(104.0000 mm, 49.0000 mm): Footprint C402
[lib_footprint_issues]: The current configuration does not include the library ''.
    Local override; Severity: warning
    @(106.0000 mm, 79.5000 mm): Footprint C51
[lib_footprint_issues]: The current configuration does not include the library ''.
    Local override; Severity: warning
    @(63.8000 mm, 25.9000 mm): Footprint C318
[lib_footprint_issues]: The current configuration does not include the library ''.
    Local override; Severity: warning
    @(15.8000 mm, 23.7000 mm): Footprint C116
[lib_footprint_issues]: The current configuration does not include the library ''.
    Local override; Severity: warning
    @(97.0000 mm, 49.0000 mm): Footprint U43
[lib_footprint_issues]: The current configuration does not include the library ''.
    Local override; Severity: warning
    @(34.0000 mm, 26.0000 mm): Footprint C111
[lib_footprint_issues]: The current configuration does not include the library ''.
    Local override; Severity: warning
    @(82.0000 mm, 44.6000 mm): Footprint C308
[lib_footprint_issues]: The current configuration does not include the library ''.
    Local override; Severity: warning
    @(49.0000 mm, 20.5000 mm): Footprint U22
[lib_footprint_issues]: The current configuration does not include the library ''.
    Local override; Severity: warning
    @(87.8000 mm, 30.6000 mm): Footprint C410
[lib_footprint_issues]: The current configuration does not include the library ''.
    Local override; Severity: warning
    @(82.0000 mm, 32.0000 mm): Footprint C314
[lib_footprint_issues]: The current configuration does not include the library ''.
    Local override; Severity: warning
    @(106.0000 mm, 41.4000 mm): Footprint C412
[lib_footprint_issues]: The current configuration does not include the library ''.
    Local override; Severity: warning
    @(110.0000 mm, 93.0000 mm): Footprint R8
[lib_footprint_issues]: The current configuration does not include the library ''.
    Local override; Severity: warning
    @(31.5000 mm, 17.5000 mm): Footprint C120
[lib_footprint_issues]: The current configuration does not include the library ''.
    Local override; Severity: warning
    @(109.5000 mm, 64.0000 mm): Footprint J5
[lib_footprint_issues]: The current configuration does not include the library ''.
    Local override; Severity: warning
    @(35.0000 mm, 49.0000 mm): Footprint C103
[lib_footprint_issues]: The current configuration does not include the library ''.
    Local override; Severity: warning
    @(32.0000 mm, 49.0000 mm): Footprint C102
[lib_footprint_issues]: The current configuration does not include the library ''.
    Local override; Severity: warning
    @(103.5000 mm, 17.5000 mm): Footprint C420
[lib_footprint_issues]: The current configuration does not include the library ''.
    Local override; Severity: warning
    @(100.0000 mm, 92.0000 mm): Footprint C55
[lib_footprint_issues]: The current configuration does not include the library ''.
    Local override; Severity: warning
    @(110.0000 mm, 90.0000 mm): Footprint D1
[lib_footprint_issues]: The current configuration does not include the library ''.
    Local override; Severity: warning
    @(12.0000 mm, 63.0000 mm): Footprint R3
[lib_footprint_issues]: The current configuration does not include the library ''.
    Local override; Severity: warning
    @(49.0000 mm, 49.0000 mm): Footprint U23
[lib_footprint_issues]: The current configuration does not include the library ''.
    Local override; Severity: warning
    @(106.0000 mm, 30.0000 mm): Footprint C413
[lib_footprint_issues]: The current configuration does not include the library ''.
    Local override; Severity: warning
    @(58.0000 mm, 30.0000 mm): Footprint C213
[lib_footprint_issues]: The current configuration does not include the library ''.
    Local override; Severity: warning
    @(97.0000 mm, 33.0000 mm): Footprint U41
[lib_footprint_issues]: The current configuration does not include the library ''.
    Local override; Severity: warning
    @(82.0000 mm, 30.0000 mm): Footprint C313
[lib_footprint_issues]: The current configuration does not include the library ''.
    Local override; Severity: warning
    @(34.0000 mm, 32.0000 mm): Footprint C114
[lib_footprint_issues]: The current configuration does not include the library ''.
    Local override; Severity: warning
    @(106.0000 mm, 34.4000 mm): Footprint C415
[lib_footprint_issues]: The current configuration does not include the library ''.
    Local override; Severity: warning
    @(73.0000 mm, 20.5000 mm): Footprint U32
[lib_footprint_issues]: The current configuration does not include the library ''.
    Local override; Severity: warning
    @(58.0000 mm, 44.6000 mm): Footprint C208
[lib_footprint_issues]: The current configuration does not include the library ''.
    Local override; Severity: warning
    @(82.0000 mm, 36.8000 mm): Footprint C304
[lib_footprint_issues]: The current configuration does not include the library ''.
    Local override; Severity: warning
    @(58.0000 mm, 32.0000 mm): Footprint C214
[lib_footprint_issues]: The current configuration does not include the library ''.
    Local override; Severity: warning
    @(58.0000 mm, 36.8000 mm): Footprint C204
[lib_footprint_issues]: The current configuration does not include the library ''.
    Local override; Severity: warning
    @(107.0000 mm, 49.0000 mm): Footprint C403
[lib_footprint_issues]: The current configuration does not include the library ''.
    Local override; Severity: warning
    @(15.8000 mm, 28.6000 mm): Footprint C106
[lib_footprint_issues]: The current configuration does not include the library ''.
    Local override; Severity: warning
    @(63.8000 mm, 28.6000 mm): Footprint C306
[lib_footprint_issues]: The current configuration does not include the library ''.
    Local override; Severity: warning
    @(82.0000 mm, 34.4000 mm): Footprint C315
[lib_footprint_issues]: The current configuration does not include the library ''.
    Local override; Severity: warning
    @(103.5000 mm, 24.0000 mm): Footprint C419
[lib_footprint_issues]: The current configuration does not include the library ''.
    Local override; Severity: warning
    @(106.0000 mm, 32.0000 mm): Footprint C414
[lib_footprint_issues]: The current configuration does not include the library ''.
    Local override; Severity: warning
    @(65.5000 mm, 41.0000 mm): Footprint C305
[lib_footprint_issues]: The current configuration does not include the library ''.
    Local override; Severity: warning
    @(108.0000 mm, 35.0000 mm): Footprint R42
[lib_footprint_issues]: The current configuration does not include the library ''.
    Local override; Severity: warning
    @(80.0000 mm, 49.0000 mm): Footprint C302
[lib_footprint_issues]: The current configuration does not include the library ''.
    Local override; Severity: warning
    @(12.0000 mm, 65.5000 mm): Footprint R4
[lib_footprint_issues]: The current configuration does not include the library ''.
    Local override; Severity: warning
    @(12.0000 mm, 100.0000 mm): Footprint J8
[lib_footprint_issues]: The current configuration does not include the library ''.
    Local override; Severity: warning
    @(66.5000 mm, 52.5000 mm): Footprint C301
[lib_footprint_issues]: The current configuration does not include the library ''.
    Local override; Severity: warning
    @(25.0000 mm, 49.0000 mm): Footprint U13
[lib_footprint_issues]: The current configuration does not include the library ''.
    Local override; Severity: warning
    @(60.0000 mm, 27.0000 mm): Footprint FB21
[lib_footprint_issues]: The current configuration does not include the library ''.
    Local override; Severity: warning
    @(84.0000 mm, 35.0000 mm): Footprint R32
[lib_footprint_issues]: The current configuration does not include the library ''.
    Local override; Severity: warning
    @(36.0000 mm, 32.8000 mm): Footprint R11
[lib_footprint_issues]: The current configuration does not include the library ''.
    Local override; Severity: warning
    @(60.0000 mm, 32.8000 mm): Footprint R21
[lib_footprint_issues]: The current configuration does not include the library ''.
    Local override; Severity: warning
    @(102.0000 mm, 82.0000 mm): Footprint U5
[lib_footprint_issues]: The current configuration does not include the library ''.
    Local override; Severity: warning
    @(34.0000 mm, 41.4000 mm): Footprint C112
[lib_footprint_issues]: The current configuration does not include the library ''.
    Local override; Severity: warning
    @(39.8000 mm, 32.8000 mm): Footprint R24
[courtyards_overlap]: Courtyards overlap
    Rule: board setup constraints courtyard; Severity: error
    @(13.2000 mm, 14.0000 mm): Footprint H1
    @(25.0000 mm, 10.4000 mm): Footprint J1

** Found 47 unconnected pads **
[unconnected_items]: Missing connection between items
    Local override; Severity: error
    @(51.9250 mm, 23.3625 mm): Pad 11 [+5V] of U22 on F.Cu
    @(56.5946 mm, 24.4800 mm): Track [+5V] on F.Cu, length 1.0946 mm
[unconnected_items]: Missing connection between items
    Local override; Severity: error
    @(32.8212 mm, 24.4800 mm): Track [+5V] on F.Cu, length 1.3212 mm
    @(27.9250 mm, 23.3625 mm): Pad 11 [+5V] of U12 on F.Cu
[unconnected_items]: Missing connection between items
    Local override; Severity: error
    @(99.9250 mm, 23.3625 mm): Pad 11 [+5V] of U42 on F.Cu
    @(103.5000 mm, 24.4800 mm): Track [+5V] on F.Cu, length 1.5100 mm
[unconnected_items]: Missing connection between items
    Local override; Severity: error
    @(75.9250 mm, 23.3625 mm): Pad 11 [+5V] of U32 on F.Cu
    @(79.5000 mm, 24.4800 mm): Pad 1 [+5V] of C319 on F.Cu
[unconnected_items]: Missing connection between items
    Local override; Severity: error
    @(0.0000 mm, 0.0000 mm): Zone [+3V3] on PWR
    @(0.0000 mm, 0.0000 mm): Zone [+3V3] on PWR
[unconnected_items]: Missing connection between items
    Local override; Severity: error
    @(5.0000 mm, 11.6200 mm): PTH pad 7 [CH1_VS] of J7
    @(30.6750 mm, 36.2500 mm): Pad 2 [CH1_VS] of U11 on F.Cu
[unconnected_items]: Missing connection between items
    Local override; Severity: error
    @(7.5400 mm, 14.1600 mm): PTH pad 10 [CH1_D1] of J7
    @(27.2500 mm, 38.6750 mm): Pad 61 [CH1_D1] of U11 on F.Cu
[unconnected_items]: Missing connection between items
    Local override; Severity: error
    @(5.0000 mm, 16.7000 mm): PTH pad 11 [CH1_D2] of J7
    @(26.7500 mm, 38.6750 mm): Pad 60 [CH1_D2] of U11 on F.Cu
[unconnected_items]: Missing connection between items
    Local override; Severity: error
    @(5.0000 mm, 52.2600 mm): PTH pad 39 [CH3_CLK] of J7
    @(71.2500 mm, 38.6750 mm): Pad 53 [CH3_CLK] of U31 on F.Cu
[unconnected_items]: Missing connection between items
    Local override; Severity: error
    @(23.8703 mm, 41.2358 mm): Track [I2C_A_SCL] on B.Cu, length 4.8171 mm
    @(43.3250 mm, 30.2500 mm): Pad 35 [I2C_A_SCL] of U21 on F.Cu
[unconnected_items]: Missing connection between items
    Local override; Severity: error
    @(21.6999 mm, 32.3190 mm): Track [I2C_A_SDA] on F.Cu, length 4.7715 mm
    @(43.3250 mm, 30.7500 mm): Pad 36 [I2C_A_SDA] of U21 on F.Cu
[unconnected_items]: Missing connection between items
    Local override; Severity: error
    @(30.0080 mm, 29.7088 mm): Track [CH1_HPD] on B.Cu, length 1.5252 mm
    @(23.3750 mm, 23.3625 mm): Pad 4 [CH1_HPD] of U12 on F.Cu
[unconnected_items]: Missing connection between items
    Local override; Severity: error
    @(7.5400 mm, 100.5200 mm): PTH pad 78 [CH3_HPD] of J7
    @(73.6667 mm, 29.2500 mm): Track [CH3_HPD] on B.Cu, length 3.2408 mm
[unconnected_items]: Missing connection between items
    Local override; Severity: error
    @(43.3250 mm, 34.2500 mm): Pad 43 [CH2_D17] of U21 on F.Cu
    @(47.5600 mm, 97.4600 mm): PTH pad 30 [CH2_D17] of J8
[unconnected_items]: Missing connection between items
    Local override; Severity: error
    @(24.7500 mm, 27.3250 mm): Pad 25 [CH1_AVDD] of U11 on F.Cu
    @(25.7049 mm, 27.6148 mm): Track [CH1_AVDD] on B.Cu, length 3.8094 mm
[unconnected_items]: Missing connection between items
    Local override; Severity: error
    @(32.2881 mm, 27.6148 mm): Track [CH1_AVDD] on F.Cu, length 2.7738 mm
    @(27.7500 mm, 27.3250 mm): Pad 19 [CH1_AVDD] of U11 on F.Cu
[unconnected_items]: Missing connection between items
    Local override; Severity: error
    @(30.6750 mm, 29.7500 mm): Pad 15 [CH1_AVDD] of U11 on F.Cu
    @(30.5583 mm, 27.8287 mm): Track [CH1_AVDD] on F.Cu, length 3.1155 mm
[unconnected_items]: Missing connection between items
    Local override; Severity: error
    @(30.6750 mm, 30.7500 mm): Pad 13 [CH1_PVDD] of U11 on F.Cu
    @(30.6750 mm, 31.2500 mm): Pad 12 [CH1_PVDD] of U11 on F.Cu
[unconnected_items]: Missing connection between items
    Local override; Severity: error
    @(30.6750 mm, 30.7500 mm): Pad 13 [CH1_PVDD] of U11 on F.Cu
    @(33.0114 mm, 30.4691 mm): Via [CH1_PVDD] on F.Cu - B.Cu
[unconnected_items]: Missing connection between items
    Local override; Severity: error
    @(28.5775 mm, 17.6375 mm): Track [CH1_5V_OUT] on F.Cu, length 0.0025 mm
    @(29.0000 mm, 13.6850 mm): Pad 18 [CH1_5V_OUT] of J1 on F.Cu
[unconnected_items]: Missing connection between items
    Local override; Severity: error
    @(21.4250 mm, 23.3625 mm): Pad 1 [CH1_CEC_A] of U12 on F.Cu
    @(22.2500 mm, 27.3250 mm): Pad 30 [CH1_CEC_A] of U11 on F.Cu
[unconnected_items]: Missing connection between items
    Local override; Severity: error
    @(19.3250 mm, 29.2500 mm): Pad 33 [CH1_DDC_SCL_A] of U11 on F.Cu
    @(22.0750 mm, 23.3625 mm): Pad 2 [CH1_DDC_SCL_A] of U12 on F.Cu
[unconnected_items]: Missing connection between items
    Local override; Severity: error
    @(56.3026 mm, 27.8614 mm): Track [CH2_AVDD] on F.Cu, length 0.6811 mm
    @(54.6750 mm, 29.7500 mm): Pad 15 [CH2_AVDD] of U21 on F.Cu
[unconnected_items]: Missing connection between items
    Local override; Severity: error
    @(48.7500 mm, 27.3250 mm): Pad 25 [CH2_AVDD] of U21 on F.Cu
    @(51.7500 mm, 27.3250 mm): Pad 19 [CH2_AVDD] of U21 on F.Cu
[unconnected_items]: Missing connection between items
    Local override; Severity: error
    @(51.7500 mm, 27.3250 mm): Pad 19 [CH2_AVDD] of U21 on F.Cu
    @(54.6750 mm, 29.7500 mm): Pad 15 [CH2_AVDD] of U21 on F.Cu
[unconnected_items]: Missing connection between items
    Local override; Severity: error
    @(48.7500 mm, 27.3250 mm): Pad 25 [CH2_AVDD] of U21 on F.Cu
    @(39.3200 mm, 30.6000 mm): Pad 1 [CH2_AVDD] of C210 on F.Cu
[unconnected_items]: Missing connection between items
    Local override; Severity: error
    @(54.6750 mm, 30.7500 mm): Pad 13 [CH2_PVDD] of U21 on F.Cu
    @(54.6750 mm, 31.2500 mm): Pad 12 [CH2_PVDD] of U21 on F.Cu
[unconnected_items]: Missing connection between items
    Local override; Severity: error
    @(57.0648 mm, 30.4691 mm): Via [CH2_PVDD] on F.Cu - B.Cu
    @(54.6750 mm, 30.7500 mm): Pad 13 [CH2_PVDD] of U21 on F.Cu
[unconnected_items]: Missing connection between items
    Local override; Severity: error
    @(52.5775 mm, 17.6375 mm): Track [CH2_5V_OUT] on F.Cu, length 0.4844 mm
    @(53.0000 mm, 13.6850 mm): Pad 18 [CH2_5V_OUT] of J2 on F.Cu
[unconnected_items]: Missing connection between items
    Local override; Severity: error
    @(54.6750 mm, 30.2500 mm): Pad 14 [CH2_REXT] of U21 on F.Cu
    @(60.0000 mm, 33.3100 mm): Pad 1 [CH2_REXT] of R21 on F.Cu
[unconnected_items]: Missing connection between items
    Local override; Severity: error
    @(45.4250 mm, 23.3625 mm): Pad 1 [CH2_CEC_A] of U22 on F.Cu
    @(46.2500 mm, 27.3250 mm): Pad 30 [CH2_CEC_A] of U21 on F.Cu
[unconnected_items]: Missing connection between items
    Local override; Severity: error
    @(78.6750 mm, 29.7500 mm): Pad 15 [CH3_AVDD] of U31 on F.Cu
    @(77.8751 mm, 28.1100 mm): Track [CH3_AVDD] on F.Cu, length 0.0028 mm
[unconnected_items]: Missing connection between items
    Local override; Severity: error
    @(77.8751 mm, 28.1100 mm): Track [CH3_AVDD] on F.Cu, length 0.0028 mm
    @(75.7500 mm, 27.3250 mm): Pad 19 [CH3_AVDD] of U31 on F.Cu
[unconnected_items]: Missing connection between items
    Local override; Severity: error
    @(72.7500 mm, 27.3250 mm): Pad 25 [CH3_AVDD] of U31 on F.Cu
    @(75.7500 mm, 27.3250 mm): Pad 19 [CH3_AVDD] of U31 on F.Cu
[unconnected_items]: Missing connection between items
    Local override; Severity: error
    @(72.7500 mm, 27.3250 mm): Pad 25 [CH3_AVDD] of U31 on F.Cu
    @(63.3200 mm, 30.6000 mm): Pad 1 [CH3_AVDD] of C310 on F.Cu
[unconnected_items]: Missing connection between items
    Local override; Severity: error
    @(78.6750 mm, 30.7500 mm): Pad 13 [CH3_PVDD] of U31 on F.Cu
    @(78.6750 mm, 31.2500 mm): Pad 12 [CH3_PVDD] of U31 on F.Cu
[unconnected_items]: Missing connection between items
    Local override; Severity: error
    @(78.6750 mm, 30.7500 mm): Pad 13 [CH3_PVDD] of U31 on F.Cu
    @(82.0000 mm, 30.4800 mm): Track [CH3_PVDD] on F.Cu, length 0.9587 mm
[unconnected_items]: Missing connection between items
    Local override; Severity: error
    @(76.9200 mm, 17.9800 mm): Track [CH3_5V_OUT] on F.Cu, length 0.4844 mm
    @(77.0000 mm, 13.6850 mm): Pad 18 [CH3_5V_OUT] of J3 on F.Cu
[unconnected_items]: Missing connection between items
    Local override; Severity: error
    @(69.4250 mm, 23.3625 mm): Pad 1 [CH3_CEC_A] of U32 on F.Cu
    @(70.2500 mm, 27.3250 mm): Pad 30 [CH3_CEC_A] of U31 on F.Cu
[unconnected_items]: Missing connection between items
    Local override; Severity: error
    @(104.2881 mm, 27.8287 mm): Track [CH4_AVDD] on F.Cu, length 2.4596 mm
    @(102.6750 mm, 29.7500 mm): Pad 15 [CH4_AVDD] of U41 on F.Cu
[unconnected_items]: Missing connection between items
    Local override; Severity: error
    @(104.2881 mm, 27.8287 mm): Track [CH4_AVDD] on F.Cu, length 2.4596 mm
    @(99.7500 mm, 27.3250 mm): Pad 19 [CH4_AVDD] of U41 on F.Cu
[unconnected_items]: Missing connection between items
    Local override; Severity: error
    @(99.7500 mm, 27.3250 mm): Pad 19 [CH4_AVDD] of U41 on F.Cu
    @(96.7500 mm, 27.3250 mm): Pad 25 [CH4_AVDD] of U41 on F.Cu
[unconnected_items]: Missing connection between items
    Local override; Severity: error
    @(102.6750 mm, 30.7500 mm): Pad 13 [CH4_PVDD] of U41 on F.Cu
    @(102.6750 mm, 31.2500 mm): Pad 12 [CH4_PVDD] of U41 on F.Cu
[unconnected_items]: Missing connection between items
    Local override; Severity: error
    @(102.6750 mm, 30.7500 mm): Pad 13 [CH4_PVDD] of U41 on F.Cu
    @(106.0000 mm, 30.4800 mm): Track [CH4_PVDD] on F.Cu, length 0.9246 mm
[unconnected_items]: Missing connection between items
    Local override; Severity: error
    @(100.5750 mm, 17.6375 mm): Pad 13 [CH4_5V_OUT] of U42 on F.Cu
    @(103.5000 mm, 17.9800 mm): Pad 1 [CH4_5V_OUT] of C420 on F.Cu
[unconnected_items]: Missing connection between items
    Local override; Severity: error
    @(101.0000 mm, 13.6850 mm): Pad 18 [CH4_5V_OUT] of J4 on F.Cu
    @(100.5750 mm, 17.6375 mm): Pad 13 [CH4_5V_OUT] of U42 on F.Cu
[unconnected_items]: Missing connection between items
    Local override; Severity: error
    @(93.4250 mm, 23.3625 mm): Pad 1 [CH4_CEC_A] of U42 on F.Cu
    @(94.2500 mm, 27.3250 mm): Pad 30 [CH4_CEC_A] of U41 on F.Cu

** Found 0 Footprint errors **

** End of Report **
